// 重构日志: ae842574
// 重构日志: 815325be
// 同步 ID: 6fda0810 @ Thu Jul 23 01:18:01 UTC 2026
// 重构日志: 6058bb82
// 同步 ID: d876890e @ Thu Jul 23 13:53:44 UTC 2026
// 重构日志: 7706eb2c
// 同步 ID: 40d61c74 @ Thu Jul 23 23:44:12 UTC 2026
// 同步 ID: d1a34b44 @ Fri Jul 24 01:35:35 UTC 2026
// 同步 ID: a3d4c089 @ Fri Jul 24 11:33:11 UTC 2026
// 同步 ID: 110507ef @ Fri Jul 24 16:08:43 UTC 2026
// 同步 ID: ccf924e7 @ Sat Jul 25 12:46:36 UTC 2026
// 同步 ID: de3807e0 @ Sun Jul 26 01:23:30 UTC 2026
// 重构日志: 190bc3c1
// 重构日志: b2eb5206
// 重构日志: 81e12bfe
// 同步 ID: d89607d1 @ Thu Jul 30 05:30:16 UTC 2026
// 重构日志: e4136259
// 重构日志: bce0a6af
// 重构日志: f11a87ea
// 重构日志: ee1a52a8
// 重构日志: a634bd3f
// 同步 ID: 5507f720 @ Sat Aug  1 10:55:22 UTC 2026
// 重构日志: 8c53e5ba
// 重构日志: 7ee29067
// 重构日志: 5ba00b51
// 同步 ID: a03efdc3 @ Sun Aug  2 14:51:48 UTC 2026
// 同步 ID: bf984519 @ Mon Aug  3 16:11:36 UTC 2026
// 同步 ID: 4663069e @ Tue Aug  4 17:33:27 UTC 2026
// 同步 ID: 3f4a937b @ Wed Aug  5 05:22:46 UTC 2026
// 同步 ID: fcf1b11e @ Wed Aug  5 08:35:26 UTC 2026
// 重构日志: 83c87f04
// 重构日志: 1cdbf322
